<?xml version='1.0' encoding='utf-8'?>
<testsuites name="UroborosDomainTests" time="26.5088"><testsuite name="test_domain_db" tests="10" failures="0" errors="0" skipped="0" time="0.3435" /><testsuite name="test_domain_vector" tests="42" failures="0" errors="0" skipped="0" time="1.1119" /><testsuite name="test_domain_ingestion" tests="9" failures="0" errors="0" skipped="0" time="0.3224" /><testsuite name="test_domain_api" tests="13" failures="0" errors="0" skipped="0" time="1.3218" /><testsuite name="test_domain_llm" tests="5" failures="0" errors="0" skipped="0" time="0.0969" /><testsuite name="test_domain_security" tests="9" failures="0" errors="0" skipped="1" time="0.1283" /><testsuite name="test_domain_performance" tests="4" failures="0" errors="0" skipped="0" time="0.0932" /><testsuite name="test_domain_architecture" tests="1" failures="0" errors="0" skipped="1" time="0.001" /><testsuite name="test_domain_chaos" tests="3" failures="0" errors="0" skipped="0" time="0.1916" /><testsuite name="test_domain_soc2" tests="5" failures="0" errors="0" skipped="0" time="2.2837" /><testsuite name="test_domain_mutation" tests="2" failures="0" errors="0" skipped="0" time="0.0283" /><testsuite name="test_domain_rag" tests="13" failures="0" errors="0" skipped="0" time="1.764" /><testsuite name="test_domain_desktop" tests="6" failures="0" errors="0" skipped="0" time="0.0589" /><testsuite name="test_domain_expanded_coverage" tests="25" failures="0" errors="0" skipped="0" time="0.5447" /><testsuite name="test_fundamental_adversarial_matrix" tests="20" failures="0" errors="0" skipped="0" time="0.636" /><testsuite name="test_deep_fuzzing_and_concurrency" tests="20" failures="0" errors="0" skipped="0" time="0.6461" /><testsuite name="test_domain_metamorphic" tests="6" failures="0" errors="0" skipped="0" time="0.437" /><testsuite name="test_domain_accessibility" tests="5" failures="0" errors="0" skipped="5" time="0.0011" /><testsuite name="test_domain_localization" tests="4" failures="0" errors="0" skipped="4" time="0.0005" /><testsuite name="test_domain_contract_chaos" tests="4" failures="0" errors="0" skipped="4" time="0.0902" /><testsuite name="test_router_micro_units" tests="18" failures="0" errors="0" skipped="18" time="0.0011" /><testsuite name="test_empirical_challenger_final" tests="8" failures="0" errors="0" skipped="8" time="0.0673" /><testsuite name="test_adversarial_ui_stress" tests="4" failures="0" errors="0" skipped="4" time="0.7169" /><testsuite name="test_adversarial_challenger_2" tests="2" failures="0" errors="0" skipped="2" time="0.7885" /><testsuite name="test_adversarial_i3" tests="3" failures="0" errors="0" skipped="2" time="1.4888" /><testsuite name="test_domain_chat_intelligence" tests="5" failures="0" errors="0" skipped="0" time="0.3084" /><testsuite name="test_domain_graph_performance" tests="9" failures="0" errors="0" skipped="0" time="0.5371" /><testsuite name="test_domain_analytics_intelligence" tests="4" failures="0" errors="0" skipped="1" time="0.1008" /><testsuite name="test_domain_workflow_triggers" tests="5" failures="0" errors="0" skipped="2" time="0.5325" /><testsuite name="test_e2e_analytics_graph_workflows" tests="21" failures="0" errors="0" skipped="5" time="6.7806" /><testsuite name="test_domain_ocr_transcription" tests="9" failures="0" errors="0" skipped="0" time="0.8207" /><testsuite name="test_domain_p2p_sync" tests="7" failures="0" errors="0" skipped="1" time="4.2437" /><testsuite name="test_domain_backup_auth_theme" tests="3" failures="0" errors="0" skipped="2" time="0.0198" /></testsuites>